[DATA_POINT]
1="HTTP_200"
2="HTTP_301"
3="mic_recv"
[END_TRANSACTION]
49="https://qa.dxc-apa.net/api-gateway/58c25454dee5662794409f5d/process-mining-service/api/v1/process_mapping/?sourceId=5a4df64852faff0007549643&targetId=5a4df7ab46e0fb00073150df"
50="APA_ProcessFlow_027_ShowKPI_[PT_20M_1]"
51="https://qa.dxc-apa.net/api-gateway/58c25454dee5662794409f5d/process-mining-service/api/v1/process_mining/process_definition/5a4df64852faff0007549643/kpi/detail_filter?order=5"
52="APA_ProcessFlow_028_Analysis_[PT_20M_1]"
53="https://qa.dxc-apa.net/api-gateway/58c25454dee5662794409f5d/process-mining-service/api/v1/process_mining/process_definition/5a4df64852faff0007549643/analysis_filter"
1="APA_ProcessFlow_010_Homepage"
2="http://qa.dxc-apa.net/"
3="http://ocsp.sca1b.amazontrust.com/"
4="https://qa.dxc-apa.net/"
5="https://qa.dxc-apa.net/vendor.css"
6="https://qa.dxc-apa.net/static/css/vendor.3a8b516b8f14a9a9b65f7f7540242164.css"
7="https://qa.dxc-apa.net/app.css"
8="https://qa.dxc-apa.net/static/css/app.612756435b2b0d592bf08ba6df206094.css"
9="https://qa.dxc-apa.net/static/js/runtime.a1240bc68980652b2001.js"
10="https://qa.dxc-apa.net/static/js/vendor.445919d0141af0c0c56b.js"
11="https://qa.dxc-apa.net/static/js/app.41a4601e20d77504c6a4.js"
12="https://qa.dxc-apa.net/version.json?t=1515133217022"
13="https://qa.dxc-apa.net/static/img/LogoAPA_giant.f858f80.png"
14="https://qa.dxc-apa.net/static/fonts/GT-Walsheim-Pro-Regular.45a988e.woff"
15="https://qa.dxc-apa.net/static/img/BG_2.712141e.jpg"
16="https://qa.dxc-apa.net/static/fonts/GT-Walsheim-Pro-Light.6ff64de.woff"
17="APA_ProcessFlow_011_Login"
18="https://qa.dxc-apa.net/authentication-api/api/v1/login"
19="https://qa.dxc-apa.net/static/fonts/glyphicons-halflings-regular.448c34a.woff2"
20="https://qa.dxc-apa.net/static/fonts/DxC-Icon.cb984a8.ttf"
21="APA_ProcessFlow_020_ClickOnProcessFlow"
22="https://qa.dxc-apa.net/admin-console-api/api/v1/customers"
23="https://qa.dxc-apa.net/admin-console-api/api/v1/process"
24="https://qa.dxc-apa.net/admin-console-api/api/v1/customers/logo/6017273c-477c-42fd-9765-dc62f63dfa87"
25="https://qa.dxc-apa.net/admin-console-api/api/v1/customers/logo/b88577ea-e3cb-49a1-99da-6bba62394728"
26="https://qa.dxc-apa.net/admin-console-api/api/v1/customers/logo/91e5bc6a-de20-42c7-b57f-bfb132490138"
27="https://qa.dxc-apa.net/admin-console-api/api/v1/customers/logo/d5c01964-b383-4123-be54-c9ccf2541afe"
28="https://qa.dxc-apa.net/admin-console-api/api/v1/customers/logo/0d43dd9b-eac1-4f05-aa10-be7c67ca0978"
29="https://qa.dxc-apa.net/admin-console-api/api/v1/customers/logo/437f1a8f-e1f5-43e8-add9-8b17d609d0d0"
30="https://qa.dxc-apa.net/admin-console-api/api/v1/customers/logo/ee5e6728-610b-471d-b963-6aef6b7c12aa"
31="https://qa.dxc-apa.net/admin-console-api/api/v1/customers/logo/80598628-ada0-40a3-9a07-97aba9b2ef37"
32="https://qa.dxc-apa.net/admin-console-api/api/v1/customers/logo/36b8a8d2-c1b7-47f0-9d56-a11075603e99"
33="https://qa.dxc-apa.net/admin-console-api/api/v1/customers/logo/5bc0433d-16a0-4649-b8e7-032bff7d5b02"
34="APA_ProcessFlow_021_ClickOnProcessList"
35="APA_ProcessFlow_022_SelectProcess"
36="https://qa.dxc-apa.net/static/fonts/GT-Walsheim-Pro-Bold.2f3e152.woff"
37="APA_ProcessFlow_023_RunProcess_[PT_20M_1]"
38="https://qa.dxc-apa.net/authentication-api/api/v1/login/58c25454dee5662794409f5d"
39="https://qa.dxc-apa.net/admin-console-api/api/v1/customers/58c25454dee5662794409f5d"
40="https://qa.dxc-apa.net/api-gateway/58c25454dee5662794409f5d/process-mining-service/api/v1/process_mining/user_filter/5a4df64852faff0007549643"
41="https://qa.dxc-apa.net/api-gateway/58c25454dee5662794409f5d/process-mining-service/api/v1/process_mining/process_definition/5a4df64852faff0007549643/top10_variants_filter"
42="https://qa.dxc-apa.net/api-gateway/58c25454dee5662794409f5d/process-mining-service/api/v1/process_mining/process_definition/5a4df64852faff0007549643/process_definition_filter?order=5"
43="APA_ProcessFlow_024_ClickProcessComparison_[PT_20M_1]"
44="https://qa.dxc-apa.net/api-gateway/58c25454dee5662794409f5d/process-recipe-api/api/v1/recipes/process/5a4df64852faff0007549643"
45="https://qa.dxc-apa.net/api-gateway/58c25454dee5662794409f5d/process-recipe-api/api/v1/recipes/types"
46="APA_ProcessFlow_025_ChooseRecipe_[PT_20M_1]"
47="APA_ProcessFlow_026_CompareProcess_[PT_20M_1]"
48="https://qa.dxc-apa.net/api-gateway/58c25454dee5662794409f5d/process-mining-service/api/v1/process_mining/process_definition/5a4df64852faff0007549643/kpi/aggregator_filter?order=5"
